// Jest Snapshot v1, https://goo.gl/fbAQLP

exports[`should render the SiteContent component 1`] = `true`;

exports[`should render the SiteContent component 2`] = `
<div
  className="SiteContent"
>
  <SiteContent />
</div>
`;
