// Jest Snapshot v1, https://goo.gl/fbAQLP

exports[`should render the Icon component 1`] = `false`;

exports[`should render the Icon component 2`] = `""`;
